// Jest Snapshot v1, https://goo.gl/fbAQLP

exports[`Progress on Clients Page renders 1`] = `
<DocumentFragment>
  <div
    class="chakra-stack css-1np2y6m"
  >
    <div
      class="chakra-stack css-10q15"
    >
      <div
        class="chakra-stack css-mpfrnm"
      >
        <div>
          <div
            class="chakra-select__wrapper css-42b2qy"
          >
            <select
              aria-label="Select a Client"
              class="chakra-select css-17atxkb"
            >
              <option
                value="-1"
              >
                Select a Client
              </option>
            </select>
            <div
              class="chakra-select__icon-wrapper css-gghxvr"
            >
              <svg
                aria-hidden="true"
                class="chakra-select__icon"
                focusable="false"
                role="presentation"
                style="width: 1em; height: 1em; color: currentColor;"
                viewBox="0 0 24 24"
              >
                <path
                  d="M16.59 8.59L12 13.17 7.41 8.59 6 10l6 6 6-6z"
                  fill="currentColor"
                />
              </svg>
            </div>
          </div>
        </div>
        <div>
          <div
            class="chakra-select__wrapper css-42b2qy"
          >
            <select
              aria-label="Select a Program"
              class="chakra-select css-17atxkb"
            >
              <option
                value="-1"
              >
                Select a Program
              </option>
            </select>
            <div
              class="chakra-select__icon-wrapper css-gghxvr"
            >
              <svg
                aria-hidden="true"
                class="chakra-select__icon"
                focusable="false"
                role="presentation"
                style="width: 1em; height: 1em; color: currentColor;"
                viewBox="0 0 24 24"
              >
                <path
                  d="M16.59 8.59L12 13.17 7.41 8.59 6 10l6 6 6-6z"
                  fill="currentColor"
                />
              </svg>
            </div>
          </div>
        </div>
      </div>
    </div>
    <div
      class="chakra-stack css-1k0yth1"
    />
  </div>
</DocumentFragment>
`;
