// Jest Snapshot v1, https://goo.gl/fbAQLP

exports[`Calendar Page renders 1`] = `
<DocumentFragment>
  <div
    class="chakra-stack css-8ymz3"
  >
    <div
      class="chakra-stack css-19mpfht"
    >
      <h2
        class="prose"
        style="text-align: center;"
      >
        Calendar
      </h2>
    </div>
  </div>
  <div
    class="css-16n7aks"
  >
    <div
      class="rbc-addons-dnd rbc-calendar"
      style="height: 100%;"
    >
      <div
        class="css-1dxcrys"
      >
        <div
          class="css-1tbafzn"
        >
          <div
            class="chakra-select__wrapper css-1xrhsyg"
          >
            <select
              class="chakra-select css-17atxkb"
            >
              <option
                value="day"
              >
                Day
              </option>
              <option
                value="week"
              >
                Week
              </option>
              <option
                value="month"
              >
                Month
              </option>
              <option
                value="agenda"
              >
                Agenda
              </option>
            </select>
            <div
              class="chakra-select__icon-wrapper css-gghxvr"
            >
              <svg
                aria-hidden="true"
                class="chakra-select__icon"
                focusable="false"
                role="presentation"
                style="width: 1em; height: 1em; color: currentColor;"
                viewBox="0 0 24 24"
              >
                <path
                  d="M16.59 8.59L12 13.17 7.41 8.59 6 10l6 6 6-6z"
                  fill="currentColor"
                />
              </svg>
            </div>
          </div>
        </div>
        <div
          class="css-3ze267"
        >
          <h3
            class="prose"
          >
            September 2020
          </h3>
        </div>
        <div
          class="chakra-button__group css-1mq1ku0"
          role="group"
        >
          <button
            aria-label="today"
            class="chakra-button css-1iirvu6"
            type="button"
          >
            Today
          </button>
          <button
            aria-label="back"
            class="chakra-button css-1l4illo"
            type="button"
          >
            <svg
              aria-hidden="true"
              fill="none"
              focusable="false"
              height="1em"
              stroke="currentColor"
              stroke-linecap="round"
              stroke-linejoin="round"
              stroke-width="2"
              viewBox="0 0 24 24"
              width="1em"
              xmlns="http://www.w3.org/2000/svg"
            >
              <polyline
                points="15 18 9 12 15 6"
              />
            </svg>
          </button>
          <button
            aria-label="back"
            class="chakra-button css-1l4illo"
            type="button"
          >
            <svg
              aria-hidden="true"
              fill="none"
              focusable="false"
              height="1em"
              stroke="currentColor"
              stroke-linecap="round"
              stroke-linejoin="round"
              stroke-width="2"
              viewBox="0 0 24 24"
              width="1em"
              xmlns="http://www.w3.org/2000/svg"
            >
              <polyline
                points="9 18 15 12 9 6"
              />
            </svg>
          </button>
        </div>
      </div>
      <div
        class="rbc-month-view"
      >
        <div
          class="rbc-row rbc-month-header"
        >
          <div
            class="rbc-header"
          >
            <span>
              Sun
            </span>
          </div>
          <div
            class="rbc-header"
          >
            <span>
              Mon
            </span>
          </div>
          <div
            class="rbc-header"
          >
            <span>
              Tue
            </span>
          </div>
          <div
            class="rbc-header"
          >
            <span>
              Wed
            </span>
          </div>
          <div
            class="rbc-header"
          >
            <span>
              Thu
            </span>
          </div>
          <div
            class="rbc-header"
          >
            <span>
              Fri
            </span>
          </div>
          <div
            class="rbc-header"
          >
            <span>
              Sat
            </span>
          </div>
        </div>
        <div
          class="rbc-month-row"
        >
          <div
            class="rbc-row-bg"
          >
            <div
              class="rbc-day-bg rbc-off-range-bg"
            />
            <div
              class="rbc-day-bg rbc-off-range-bg"
            />
            <div
              class="rbc-day-bg"
            />
            <div
              class="rbc-day-bg"
            />
            <div
              class="rbc-day-bg"
            />
            <div
              class="rbc-day-bg"
            />
            <div
              class="rbc-day-bg"
            />
          </div>
          <div
            class="rbc-row-content"
          >
            <div
              class="rbc-row "
            >
              <div
                class="rbc-date-cell rbc-off-range"
              >
                <a
                  href="#"
                >
                  30
                </a>
              </div>
              <div
                class="rbc-date-cell rbc-off-range"
              >
                <a
                  href="#"
                >
                  31
                </a>
              </div>
              <div
                class="rbc-date-cell"
              >
                <a
                  href="#"
                >
                  01
                </a>
              </div>
              <div
                class="rbc-date-cell"
              >
                <a
                  href="#"
                >
                  02
                </a>
              </div>
              <div
                class="rbc-date-cell"
              >
                <a
                  href="#"
                >
                  03
                </a>
              </div>
              <div
                class="rbc-date-cell"
              >
                <a
                  href="#"
                >
                  04
                </a>
              </div>
              <div
                class="rbc-date-cell"
              >
                <a
                  href="#"
                >
                  05
                </a>
              </div>
            </div>
            <div
              class="rbc-addons-dnd-row-body"
            />
          </div>
        </div>
        <div
          class="rbc-month-row"
        >
          <div
            class="rbc-row-bg"
          >
            <div
              class="rbc-day-bg"
            />
            <div
              class="rbc-day-bg"
            />
            <div
              class="rbc-day-bg"
            />
            <div
              class="rbc-day-bg"
            />
            <div
              class="rbc-day-bg"
            />
            <div
              class="rbc-day-bg"
            />
            <div
              class="rbc-day-bg"
            />
          </div>
          <div
            class="rbc-row-content"
          >
            <div
              class="rbc-row "
            >
              <div
                class="rbc-date-cell"
              >
                <a
                  href="#"
                >
                  06
                </a>
              </div>
              <div
                class="rbc-date-cell"
              >
                <a
                  href="#"
                >
                  07
                </a>
              </div>
              <div
                class="rbc-date-cell"
              >
                <a
                  href="#"
                >
                  08
                </a>
              </div>
              <div
                class="rbc-date-cell"
              >
                <a
                  href="#"
                >
                  09
                </a>
              </div>
              <div
                class="rbc-date-cell"
              >
                <a
                  href="#"
                >
                  10
                </a>
              </div>
              <div
                class="rbc-date-cell"
              >
                <a
                  href="#"
                >
                  11
                </a>
              </div>
              <div
                class="rbc-date-cell"
              >
                <a
                  href="#"
                >
                  12
                </a>
              </div>
            </div>
            <div
              class="rbc-addons-dnd-row-body"
            />
          </div>
        </div>
        <div
          class="rbc-month-row"
        >
          <div
            class="rbc-row-bg"
          >
            <div
              class="rbc-day-bg"
            />
            <div
              class="rbc-day-bg"
            />
            <div
              class="rbc-day-bg"
            />
            <div
              class="rbc-day-bg"
            />
            <div
              class="rbc-day-bg rbc-today"
            />
            <div
              class="rbc-day-bg"
            />
            <div
              class="rbc-day-bg"
            />
          </div>
          <div
            class="rbc-row-content"
          >
            <div
              class="rbc-row "
            >
              <div
                class="rbc-date-cell"
              >
                <a
                  href="#"
                >
                  13
                </a>
              </div>
              <div
                class="rbc-date-cell"
              >
                <a
                  href="#"
                >
                  14
                </a>
              </div>
              <div
                class="rbc-date-cell"
              >
                <a
                  href="#"
                >
                  15
                </a>
              </div>
              <div
                class="rbc-date-cell"
              >
                <a
                  href="#"
                >
                  16
                </a>
              </div>
              <div
                class="rbc-date-cell rbc-now rbc-current"
              >
                <a
                  href="#"
                >
                  17
                </a>
              </div>
              <div
                class="rbc-date-cell"
              >
                <a
                  href="#"
                >
                  18
                </a>
              </div>
              <div
                class="rbc-date-cell"
              >
                <a
                  href="#"
                >
                  19
                </a>
              </div>
            </div>
            <div
              class="rbc-addons-dnd-row-body"
            />
          </div>
        </div>
        <div
          class="rbc-month-row"
        >
          <div
            class="rbc-row-bg"
          >
            <div
              class="rbc-day-bg"
            />
            <div
              class="rbc-day-bg"
            />
            <div
              class="rbc-day-bg"
            />
            <div
              class="rbc-day-bg"
            />
            <div
              class="rbc-day-bg"
            />
            <div
              class="rbc-day-bg"
            />
            <div
              class="rbc-day-bg"
            />
          </div>
          <div
            class="rbc-row-content"
          >
            <div
              class="rbc-row "
            >
              <div
                class="rbc-date-cell"
              >
                <a
                  href="#"
                >
                  20
                </a>
              </div>
              <div
                class="rbc-date-cell"
              >
                <a
                  href="#"
                >
                  21
                </a>
              </div>
              <div
                class="rbc-date-cell"
              >
                <a
                  href="#"
                >
                  22
                </a>
              </div>
              <div
                class="rbc-date-cell"
              >
                <a
                  href="#"
                >
                  23
                </a>
              </div>
              <div
                class="rbc-date-cell"
              >
                <a
                  href="#"
                >
                  24
                </a>
              </div>
              <div
                class="rbc-date-cell"
              >
                <a
                  href="#"
                >
                  25
                </a>
              </div>
              <div
                class="rbc-date-cell"
              >
                <a
                  href="#"
                >
                  26
                </a>
              </div>
            </div>
            <div
              class="rbc-addons-dnd-row-body"
            />
          </div>
        </div>
        <div
          class="rbc-month-row"
        >
          <div
            class="rbc-row-bg"
          >
            <div
              class="rbc-day-bg"
            />
            <div
              class="rbc-day-bg"
            />
            <div
              class="rbc-day-bg"
            />
            <div
              class="rbc-day-bg"
            />
            <div
              class="rbc-day-bg rbc-off-range-bg"
            />
            <div
              class="rbc-day-bg rbc-off-range-bg"
            />
            <div
              class="rbc-day-bg rbc-off-range-bg"
            />
          </div>
          <div
            class="rbc-row-content"
          >
            <div
              class="rbc-row "
            >
              <div
                class="rbc-date-cell"
              >
                <a
                  href="#"
                >
                  27
                </a>
              </div>
              <div
                class="rbc-date-cell"
              >
                <a
                  href="#"
                >
                  28
                </a>
              </div>
              <div
                class="rbc-date-cell"
              >
                <a
                  href="#"
                >
                  29
                </a>
              </div>
              <div
                class="rbc-date-cell"
              >
                <a
                  href="#"
                >
                  30
                </a>
              </div>
              <div
                class="rbc-date-cell rbc-off-range"
              >
                <a
                  href="#"
                >
                  01
                </a>
              </div>
              <div
                class="rbc-date-cell rbc-off-range"
              >
                <a
                  href="#"
                >
                  02
                </a>
              </div>
              <div
                class="rbc-date-cell rbc-off-range"
              >
                <a
                  href="#"
                >
                  03
                </a>
              </div>
            </div>
            <div
              class="rbc-addons-dnd-row-body"
            />
          </div>
        </div>
      </div>
    </div>
  </div>
</DocumentFragment>
`;
