// Jest Snapshot v1, https://goo.gl/fbAQLP

exports[`Paginated Table renders 1`] = `
<DocumentFragment>
  <div
    class="css-1wlss37"
  >
    <div
      class="card css-1a397r5"
    >
      <table
        class="css-13rbvqk"
        role="table"
      >
        <thead
          class="css-0"
        >
          <tr
            class="css-1exea8t"
            role="row"
          >
            <th
              class="css-wcj3c1"
              colspan="1"
              role="columnheader"
            >
              <div
                class="chakra-stack css-mpfrnm"
              >
                <span>
                  Name
                </span>
                <span />
              </div>
            </th>
            <th
              class="css-wcj3c1"
              colspan="1"
              role="columnheader"
            >
              <div
                class="chakra-stack css-mpfrnm"
              >
                <span>
                  Email
                </span>
                <span />
              </div>
            </th>
          </tr>
        </thead>
        <tfoot
          class="css-yy91wp"
        >
          <tr
            class="css-1exea8t"
          >
            <td
              class="css-1989049"
              colspan="2"
            >
              <div
                class="chakra-stack css-1tdah2b"
              >
                <div
                  class="chakra-stack css-wtlbrf"
                >
                  <button
                    aria-label="First page"
                    class="chakra-button css-1kgd4fd"
                    disabled=""
                    type="button"
                  >
                    <svg
                      aria-hidden="true"
                      fill="none"
                      focusable="false"
                      height="1em"
                      stroke="currentColor"
                      stroke-linecap="round"
                      stroke-linejoin="round"
                      stroke-width="2"
                      viewBox="0 0 24 24"
                      width="1em"
                      xmlns="http://www.w3.org/2000/svg"
                    >
                      <polyline
                        points="11 17 6 12 11 7"
                      />
                      <polyline
                        points="18 17 13 12 18 7"
                      />
                    </svg>
                  </button>
                  <button
                    aria-label="Previous page"
                    class="chakra-button css-1kgd4fd"
                    disabled=""
                    type="button"
                  >
                    <svg
                      aria-hidden="true"
                      fill="none"
                      focusable="false"
                      height="1em"
                      stroke="currentColor"
                      stroke-linecap="round"
                      stroke-linejoin="round"
                      stroke-width="2"
                      viewBox="0 0 24 24"
                      width="1em"
                      xmlns="http://www.w3.org/2000/svg"
                    >
                      <polyline
                        points="15 18 9 12 15 6"
                      />
                    </svg>
                  </button>
                </div>
                <div
                  class="chakra-stack css-wtlbrf"
                >
                  <div
                    class="chakra-stack css-bqo099"
                  >
                    <span
                      style="margin-top: 0.5rem; margin-right: 0.5rem;"
                    >
                      Page 
                      <strong>
                        1 of 2
                      </strong>
                    </span>
                    <div
                      class="chakra-select__wrapper css-xzaah7"
                    >
                      <select
                        class="chakra-select css-18vftxc"
                      >
                        <option
                          value="10"
                        >
                          Show 10
                        </option>
                        <option
                          value="20"
                        >
                          Show 20
                        </option>
                        <option
                          value="30"
                        >
                          Show 30
                        </option>
                        <option
                          value="40"
                        >
                          Show 40
                        </option>
                        <option
                          value="50"
                        >
                          Show 50
                        </option>
                      </select>
                      <div
                        class="chakra-select__icon-wrapper css-gghxvr"
                      >
                        <svg
                          aria-hidden="true"
                          class="chakra-select__icon"
                          focusable="false"
                          role="presentation"
                          style="width: 1em; height: 1em; color: currentColor;"
                          viewBox="0 0 24 24"
                        >
                          <path
                            d="M16.59 8.59L12 13.17 7.41 8.59 6 10l6 6 6-6z"
                            fill="currentColor"
                          />
                        </svg>
                      </div>
                    </div>
                  </div>
                </div>
                <div
                  class="chakra-stack css-wtlbrf"
                >
                  <button
                    aria-label="Next page"
                    class="chakra-button css-1kgd4fd"
                    type="button"
                  >
                    <svg
                      aria-hidden="true"
                      fill="none"
                      focusable="false"
                      height="1em"
                      stroke="currentColor"
                      stroke-linecap="round"
                      stroke-linejoin="round"
                      stroke-width="2"
                      viewBox="0 0 24 24"
                      width="1em"
                      xmlns="http://www.w3.org/2000/svg"
                    >
                      <polyline
                        points="9 18 15 12 9 6"
                      />
                    </svg>
                  </button>
                  <button
                    aria-label="Last page"
                    class="chakra-button css-1kgd4fd"
                    type="button"
                  >
                    <svg
                      aria-hidden="true"
                      fill="none"
                      focusable="false"
                      height="1em"
                      stroke="currentColor"
                      stroke-linecap="round"
                      stroke-linejoin="round"
                      stroke-width="2"
                      viewBox="0 0 24 24"
                      width="1em"
                      xmlns="http://www.w3.org/2000/svg"
                    >
                      <polyline
                        points="13 17 18 12 13 7"
                      />
                      <polyline
                        points="6 17 11 12 6 7"
                      />
                    </svg>
                  </button>
                </div>
              </div>
            </td>
          </tr>
        </tfoot>
        <tbody
          class="css-0"
          role="rowgroup"
        >
          <tr
            class="css-1exea8t"
            data-testid="row-4089eabc-69fd-4525-9a41-a3a3177cfdee"
            role="row"
          >
            <td
              class="css-1989049"
              role="cell"
            >
              Aidan Carroll
            </td>
            <td
              class="css-1989049"
              role="cell"
            >
              Anjali98@yahoo.com
            </td>
          </tr>
          <tr
            class="css-1exea8t"
            data-testid="row-be3a1694-619e-41bc-a130-bd8106e4cd64"
            role="row"
          >
            <td
              class="css-1989049"
              role="cell"
            >
              Alexie Wolf
            </td>
            <td
              class="css-1989049"
              role="cell"
            >
              Bennett_Wolf61@yahoo.com
            </td>
          </tr>
          <tr
            class="css-1exea8t"
            data-testid="row-4ce723a1-d977-49a6-8bdf-08f9cfe082d0"
            role="row"
          >
            <td
              class="css-1989049"
              role="cell"
            >
              Noel Robel
            </td>
            <td
              class="css-1989049"
              role="cell"
            >
              Alfonso76@gmail.com
            </td>
          </tr>
          <tr
            class="css-1exea8t"
            data-testid="row-81307903-21fb-4a3e-a031-96c7ece935a4"
            role="row"
          >
            <td
              class="css-1989049"
              role="cell"
            >
              Terrance Schamberger
            </td>
            <td
              class="css-1989049"
              role="cell"
            >
              Dustin25@yahoo.com
            </td>
          </tr>
          <tr
            class="css-1exea8t"
            data-testid="row-1c1ea6eb-b613-4ea5-8360-a322655a159a"
            role="row"
          >
            <td
              class="css-1989049"
              role="cell"
            >
              Silas Reinger
            </td>
            <td
              class="css-1989049"
              role="cell"
            >
              Sydney38@gmail.com
            </td>
          </tr>
          <tr
            class="css-1exea8t"
            data-testid="row-305ad759-3023-4007-88f3-29b3b5c15fa7"
            role="row"
          >
            <td
              class="css-1989049"
              role="cell"
            >
              Brody Morissette
            </td>
            <td
              class="css-1989049"
              role="cell"
            >
              Barry.Moore24@hotmail.com
            </td>
          </tr>
          <tr
            class="css-1exea8t"
            data-testid="row-be422b54-20ed-4cb7-8cb1-de95c2d49f6d"
            role="row"
          >
            <td
              class="css-1989049"
              role="cell"
            >
              Thalia Schulist
            </td>
            <td
              class="css-1989049"
              role="cell"
            >
              Nyah.Durgan@gmail.com
            </td>
          </tr>
          <tr
            class="css-1exea8t"
            data-testid="row-7bbb91a6-2000-4de3-b0e7-4c4bb82ab562"
            role="row"
          >
            <td
              class="css-1989049"
              role="cell"
            >
              Ora Will
            </td>
            <td
              class="css-1989049"
              role="cell"
            >
              Lucious13@hotmail.com
            </td>
          </tr>
          <tr
            class="css-1exea8t"
            data-testid="row-fbc4f8dd-d2f5-48fe-9f56-33f649996d7e"
            role="row"
          >
            <td
              class="css-1989049"
              role="cell"
            >
              Easton Schaden
            </td>
            <td
              class="css-1989049"
              role="cell"
            >
              Darrel14@yahoo.com
            </td>
          </tr>
          <tr
            class="css-1exea8t"
            data-testid="row-d6b1928b-ba9b-420f-9aa2-95911ad4e370"
            role="row"
          >
            <td
              class="css-1989049"
              role="cell"
            >
              Sanford Torp
            </td>
            <td
              class="css-1989049"
              role="cell"
            >
              Ryley79@hotmail.com
            </td>
          </tr>
        </tbody>
      </table>
    </div>
  </div>
</DocumentFragment>
`;
